[ 2059771ms] [ERROR] Failed to load resource: the server responded with a status of 404 (Not Found) @ http://localhost:3005/site.webmanifest:0
[ 2059771ms] [ERROR] Manifest fetch from http://localhost:3005/site.webmanifest failed, code 404 @ http://localhost:3005/proto-session-run:0
[ 2059911ms] [ERROR] Failed to load resource: the server responded with a status of 404 (Not Found) @ http://localhost:3005/site.webmanifest:0
[ 2059911ms] [ERROR] Manifest fetch from http://localhost:3005/site.webmanifest failed, code 404 @ http://localhost:3005/proto-session-run:0
[ 2059992ms] [INFO] %cDownload the React DevTools for a better development experience: https://react.dev/link/react-devtools font-weight:bold @ http://localhost:3005/node_modules/.vite/deps/react-dom_client.js?v=acbffd69:14335
[ 2060089ms] [ERROR] Failed to load resource: the server responded with a status of 404 (Not Found) @ http://localhost:3005/site.webmanifest:0
[ 2060090ms] [ERROR] Manifest fetch from http://localhost:3005/site.webmanifest failed, code 404 @ http://localhost:3005/proto-session-run:0
[ 2060144ms] [ERROR] Failed to load resource: the server responded with a status of 404 (Not Found) @ http://localhost:3005/site.webmanifest:0
[ 2060144ms] [ERROR] Manifest fetch from http://localhost:3005/site.webmanifest failed, code 404 @ http://localhost:3005/proto-session-run:0
[ 2060166ms] [INFO] %cDownload the React DevTools for a better development experience: https://react.dev/link/react-devtools font-weight:bold @ http://localhost:3005/node_modules/.vite/deps/react-dom_client.js?v=acbffd69:14335
[ 2060202ms] [ERROR] In HTML, %s cannot be a descendant of <%s>.
This will cause a hydration error.%s <div> p 

  ...
    <SafeFragment fallback={function fallback}>
      <MatchInnerImpl matchId="/proto-ses...">
        <Lazy>
          <RouteComponent>
            <div className="min-h-scre...">
              <SessionGame onRestart={function onRestart}>
                <div>
                <Screen rightAction={{label:"Sta...", ...}}>
                  <section data-category-theme={undefined} data-screen-transition="none" className="w-full mx-...">
                    <ConfiguringScreen configs={[...]} slots={3} bench={[...]} checks={[...]} gateReward={120} ...>
                      <div className="flex flex-...">
                        <section className="space-y-4">
                          <StepHeading>
                          <div className="flex flex-...">
                            <ConfigChip config={{id:"js", ...}} action="＋" onClick={function}>
                              <Tooltip surfaceClassName="border-cer..." content={<div>}>
                                <Paragraph className="group rela...">
>                                 <p className="text-xs text-zinc-100 tracking-tight group relative inline-flex">
                                    <ChipSurface>
                                    <span role="tooltip" className="pointer-ev...">
>                                     <div className="flex flex-col gap-1">
                            ...
                        ...
                    ...
 @ http://localhost:3005/node_modules/.vite/deps/react-dom_client.js?v=acbffd69:1772
[ 2060202ms] [ERROR] <%s> cannot contain a nested %s.
See this log for the ancestor stack trace. p <div> @ http://localhost:3005/node_modules/.vite/deps/react-dom_client.js?v=acbffd69:1774
[ 2060207ms] [ERROR] In HTML, %s cannot be a descendant of <%s>.
This will cause a hydration error.%s <p> p 

  ...
    <SafeFragment fallback={function fallback}>
      <MatchInnerImpl matchId="/proto-ses...">
        <Lazy>
          <RouteComponent>
            <div className="min-h-scre...">
              <SessionGame onRestart={function onRestart}>
                <div>
                <Screen rightAction={{label:"Sta...", ...}}>
                  <section data-category-theme={undefined} data-screen-transition="none" className="w-full mx-...">
                    <ConfiguringScreen configs={[...]} slots={3} bench={[...]} checks={[...]} gateReward={120} ...>
                      <div className="flex flex-...">
                        <section className="space-y-4">
                          <StepHeading>
                          <div className="flex flex-...">
                            <ConfigChip config={{id:"js", ...}} action="＋" onClick={function}>
                              <Tooltip surfaceClassName="border-cer..." content={<div>}>
                                <Paragraph className="group rela...">
>                                 <p className="text-xs text-zinc-100 tracking-tight group relative inline-flex">
                                    <ChipSurface>
                                    <span role="tooltip" className="pointer-ev...">
                                      <div className="flex flex-...">
                                        <span>
                                        <Paragraph className="text-sm">
>                                         <p className="text-xs text-zinc-100 tracking-tight text-sm">
                            ...
                        ...
                    ...
 @ http://localhost:3005/node_modules/.vite/deps/react-dom_client.js?v=acbffd69:1772
[ 2060207ms] [ERROR] <%s> cannot contain a nested %s.
See this log for the ancestor stack trace. p <p> @ http://localhost:3005/node_modules/.vite/deps/react-dom_client.js?v=acbffd69:1774
[ 2060211ms] Error: Hydration failed because the server rendered HTML didn't match the client. As a result this tree will be regenerated on the client. This can happen if a SSR-ed Client Component used:

- A server/client branch `if (typeof window !== 'undefined')`.
- Variable input such as `Date.now()` or `Math.random()` which changes each time it's called.
- Date formatting in a user's locale which doesn't match the server.
- External changing data without sending a snapshot of it along with the HTML.
- Invalid HTML tag nesting.

It can also happen if the client has a browser extension installed which messes with the HTML before React loaded.

https://react.dev/link/hydration-mismatch
    at throwOnHydrationMismatch (http://localhost:3005/node_modules/.vite/deps/react-dom_client.js?v=acbffd69:2968:51)
    at beginWork (http://localhost:3005/node_modules/.vite/deps/react-dom_client.js?v=acbffd69:6200:914)
    at runWithFiberInDEV (http://localhost:3005/node_modules/.vite/deps/react-dom_client.js?v=acbffd69:851:66)
    at performUnitOfWork (http://localhost:3005/node_modules/.vite/deps/react-dom_client.js?v=acbffd69:8429:92)
    at workLoopConcurrentByScheduler (http://localhost:3005/node_modules/.vite/deps/react-dom_client.js?v=acbffd69:8425:55)
    at renderRootConcurrent (http://localhost:3005/node_modules/.vite/deps/react-dom_client.js?v=acbffd69:8408:64)
    at performWorkOnRoot (http://localhost:3005/node_modules/.vite/deps/react-dom_client.js?v=acbffd69:7957:145)
    at performWorkOnRootViaSchedulerTask (http://localhost:3005/node_modules/.vite/deps/react-dom_client.js?v=acbffd69:9059:4)
    at MessagePort.performWorkUntilDeadline (http://localhost:3005/node_modules/.vite/deps/react-dom_client.js?v=acbffd69:36:38)
